┌─────────┬───────────┬──────────────────┬──────┬──────────┬────────┬────────────┐
│ Session │ Where     │ Started          │ Span │ Messages │ Tokens │ Title      │
├─────────┼───────────┼──────────────────┼──────┼──────────┼────────┼────────────┤
│ zoo001  │ /proj     │ 2026-08-17 10:00 │   9m │        8 │   105k │ Zoo main   │
│ zoo002  │ /proj/sub │ 2026-08-17 10:00 │ 1.0d │        2 │   1.0k │ (untitled) │
│ zoo003↓ │ /proj     │ 2026-08-17 10:00 │      │        1 │        │ Subtask    │
└─────────┴───────────┴──────────────────┴──────┴──────────┴────────┴────────────┘
  3 sessions since 2026-08-17
