all projects  all time  3 session(s)

Session  Started           Where      Title
zoo001   2026-08-17 10:00  /proj      Zoo main
zoo002   2026-08-17 10:00  /proj/sub  (untitled)
zoo003↓  2026-08-17 10:00  /proj      Subtask


 ⚑ ❬zoo001❭ Zoo main                                   /proj
────────────────────────────────────────────────────────────

  │ 2026-08-17 10:01:00 • user
  │
  │ [chat | user=x]
  │ hello world


  │ 2026-08-17 10:02:00 • assistant • glm-5/max @plan
  │
  │ I will run tools.
  │
  │ bash echo hi                                 ok     1.2s
  │   in
  │     {
  │       "command": "echo hi"
  │     }
  │   out hi
  │ webfetch http://x                           ERR     0.4s
  │   in
  │     {
  │       "url": "http://x"
  │     }
  │   err tool.execution: boom: connection refused
  │ bash sleep 999                                   running
  │   in
  │     {
  │       "command": "sleep 999"
  │     }
  │ guess q                                     pending 2.0s
  │   in
  │     {
  │       "query": "q"
  │     }
  │ bash ps aux [output truncated]               ok     0.1s
  │   in
  │     {
  │       "command": "ps aux"
  │     }
  │   out
  │     USER PID
  │     root 1
  │   truncated 16 chars shown, full output at
  │   /nonexistent/tool-output/tool_x
  │ glob * [output truncated]                    ok     0.1s
  │   in
  │     {
  │       "pattern": "*"
  │     }
  │   out
  │     a
  │     b
  │   truncated 4 chars shown, the rest was not kept
  │ read /proj/shot.png                          ok     0.0s
  │   in
  │     {
  │       "filePath": "/proj/shot.png"
  │     }
  │   out
  │     Image read successfully
  │     file (image/png)


  │ 2026-08-17 10:03:00 • user
  │
  │ see attached
  │
  │ attachment shot.png (image/png)


  │ 2026-08-17 10:04:00 • assistant • glm-5 ERROR
  │
  │ partial answer
  │
  │ bash make test                              ERR
  │   in
  │     {
  │       "command": "make test"
  │     }
  │   err tool.interrupted: Tool execution was interrupted
  │
  │   error aborted: Aborted


  │ 2026-08-17 10:04:30 • assistant • glm-5 ERROR
  │
  │   error
  │   {"name":"MessageAbortedError","data":{"message":"Abort
  │   ed"}}


  │ 2026-08-17 10:06:00 • synthetic
  │
  │ continue where you left off


  │ 2026-08-17 10:06:00 • synthetic
  │
  │ task ❬zoo003❭ completed: Sleep 15 seconds in background
  │   result 15 seconds have passed.


  │ 2026-08-17 10:07:00 • compaction
  │
  │ context compacted (auto)


 ⚑ ❬zoo003↓❭ Subtask                                   /proj
┈┈┈┈┈┈┈┈┈┈┈┈┈┈┈┈┈┈┈┈┈┈┈┈┈┈┈┈┈┈┈┈┈┈┈┈┈┈┈┈┈┈┈┈┈┈┈┈┈┈┈┈┈┈┈┈┈┈┈┈

  │ 2026-08-17 10:08:00 • user
  │
  │ do the subtask


 ↻ ❬zoo001❭ Zoo main                                   /proj
────────────────────────────────────────────────────────────

  │ 2026-08-17 10:09:00 • user
  │
  │ and back to the main session


 ⚑ ❬zoo002❭ (untitled)                             /proj/sub
────────────────────────────────────────────────────────────

  │ 2026-08-18 09:30:00 • user
  │
  │ 日本語のコマンド 🎌 とても長い行


  │ 2026-08-18 09:31:00 • assistant • glm-5
  │
  │ bash echo 日本語のコマンド 🎌 とても長い…    ok     0.5s
  │   in
  │     {
  │       "command": "echo 日本語のコマンド 🎌 とても長い行
  │       もっと長く もっと長く もっと長く"
  │     }
  │   out ok

